<?xml version="1.0"?>
<link_info>
   <banner>TMS320C55x Linker PC v4.4.1</banner>
   <copyright>Copyright (c) 1996-2012 Texas Instruments Incorporated</copyright>
   <link_time>0x54776bf6</link_time>
   <output_file>Diseno.out</output_file>
   <entry_point>
      <name>_c_int00</name>
      <address>0x23754</address>
   </entry_point>
   <input_file_list>
      <input_file id="fl-2">
         <path>.\</path>
         <kind>object</kind>
         <file>aic3204.obj</file>
         <name>aic3204.obj</name>
      </input_file>
      <input_file id="fl-3">
         <path>.\</path>
         <kind>object</kind>
         <file>main.obj</file>
         <name>main.obj</name>
      </input_file>
      <input_file id="fl-4">
         <path>.\</path>
         <kind>object</kind>
         <file>oled5515.obj</file>
         <name>oled5515.obj</name>
      </input_file>
      <input_file id="fl-5">
         <path>.\</path>
         <kind>object</kind>
         <file>usbstk5515_i2c.obj</file>
         <name>usbstk5515_i2c.obj</name>
      </input_file>
      <input_file id="fl-6">
         <path>.\</path>
         <kind>object</kind>
         <file>vectores.obj</file>
         <name>vectores.obj</name>
      </input_file>
      <input_file id="fl-a">
         <path>C:\workspace\</path>
         <kind>archive</kind>
         <file>rts55x.lib</file>
         <name>sprintf.obj</name>
      </input_file>
      <input_file id="fl-b">
         <path>C:\workspace\</path>
         <kind>archive</kind>
         <file>rts55x.lib</file>
         <name>boot.obj</name>
      </input_file>
      <input_file id="fl-c">
         <path>C:\workspace\</path>
         <kind>archive</kind>
         <file>rts55x.lib</file>
         <name>memcpy.obj</name>
      </input_file>
      <input_file id="fl-d">
         <path>C:\workspace\</path>
         <kind>archive</kind>
         <file>rts55x.lib</file>
         <name>exit.obj</name>
      </input_file>
      <input_file id="fl-e">
         <path>C:\workspace\</path>
         <kind>archive</kind>
         <file>rts55x.lib</file>
         <name>_lock.obj</name>
      </input_file>
      <input_file id="fl-f">
         <path>C:\workspace\</path>
         <kind>archive</kind>
         <file>rts55x.lib</file>
         <name>_printfi.obj</name>
      </input_file>
      <input_file id="fl-10">
         <path>C:\workspace\</path>
         <kind>archive</kind>
         <file>rts55x.lib</file>
         <name>args_main.obj</name>
      </input_file>
      <input_file id="fl-11">
         <path>C:\workspace\</path>
         <kind>archive</kind>
         <file>rts55x.lib</file>
         <name>atoi.obj</name>
      </input_file>
      <input_file id="fl-12">
         <path>C:\workspace\</path>
         <kind>archive</kind>
         <file>rts55x.lib</file>
         <name>ctype.obj</name>
      </input_file>
      <input_file id="fl-13">
         <path>C:\workspace\</path>
         <kind>archive</kind>
         <file>rts55x.lib</file>
         <name>ltoa.obj</name>
      </input_file>
      <input_file id="fl-14">
         <path>C:\workspace\</path>
         <kind>archive</kind>
         <file>rts55x.lib</file>
         <name>memccpy.obj</name>
      </input_file>
      <input_file id="fl-15">
         <path>C:\workspace\</path>
         <kind>archive</kind>
         <file>rts55x.lib</file>
         <name>autoinit.obj</name>
      </input_file>
      <input_file id="fl-16">
         <path>C:\workspace\</path>
         <kind>archive</kind>
         <file>rts55x.lib</file>
         <name>udiv.obj</name>
      </input_file>
      <input_file id="fl-17">
         <path>C:\workspace\</path>
         <kind>archive</kind>
         <file>rts55x.lib</file>
         <name>llmpy.obj</name>
      </input_file>
      <input_file id="fl-18">
         <path>C:\workspace\</path>
         <kind>archive</kind>
         <file>rts55x.lib</file>
         <name>isinf.obj</name>
      </input_file>
      <input_file id="fl-19">
         <path>C:\workspace\</path>
         <kind>archive</kind>
         <file>rts55x.lib</file>
         <name>divli.obj</name>
      </input_file>
      <input_file id="fl-1a">
         <path>C:\workspace\</path>
         <kind>archive</kind>
         <file>rts55x.lib</file>
         <name>divul.obj</name>
      </input_file>
      <input_file id="fl-1b">
         <path>C:\workspace\</path>
         <kind>archive</kind>
         <file>rts55x.lib</file>
         <name>remli.obj</name>
      </input_file>
      <input_file id="fl-1c">
         <path>C:\workspace\</path>
         <kind>archive</kind>
         <file>rts55x.lib</file>
         <name>remul.obj</name>
      </input_file>
      <input_file id="fl-1d">
         <path>C:\workspace\</path>
         <kind>archive</kind>
         <file>rts55x.lib</file>
         <name>cmpd.obj</name>
      </input_file>
      <input_file id="fl-1e">
         <path>C:\workspace\</path>
         <kind>archive</kind>
         <file>rts55x.lib</file>
         <name>divd.obj</name>
      </input_file>
      <input_file id="fl-1f">
         <path>C:\workspace\</path>
         <kind>archive</kind>
         <file>rts55x.lib</file>
         <name>fixdi.obj</name>
      </input_file>
      <input_file id="fl-20">
         <path>C:\workspace\</path>
         <kind>archive</kind>
         <file>rts55x.lib</file>
         <name>fixdli.obj</name>
      </input_file>
      <input_file id="fl-21">
         <path>C:\workspace\</path>
         <kind>archive</kind>
         <file>rts55x.lib</file>
         <name>fltlid.obj</name>
      </input_file>
      <input_file id="fl-22">
         <path>C:\workspace\</path>
         <kind>archive</kind>
         <file>rts55x.lib</file>
         <name>frcmpyd_div.obj</name>
      </input_file>
      <input_file id="fl-23">
         <path>C:\workspace\</path>
         <kind>archive</kind>
         <file>rts55x.lib</file>
         <name>mpyd.obj</name>
      </input_file>
      <input_file id="fl-24">
         <path>C:\workspace\</path>
         <kind>archive</kind>
         <file>rts55x.lib</file>
         <name>negd.obj</name>
      </input_file>
      <input_file id="fl-25">
         <path>C:\workspace\</path>
         <kind>archive</kind>
         <file>rts55x.lib</file>
         <name>subd.obj</name>
      </input_file>
      <input_file id="fl-26">
         <path>C:\workspace\</path>
         <kind>archive</kind>
         <file>rts55x.lib</file>
         <name>lmpy.obj</name>
      </input_file>
      <input_file id="fl-27">
         <path>C:\workspace\</path>
         <kind>archive</kind>
         <file>rts55x.lib</file>
         <name>addd.obj</name>
      </input_file>
      <input_file id="fl-28">
         <path>C:\workspace\</path>
         <kind>archive</kind>
         <file>rts55x.lib</file>
         <name>frcmpyd.obj</name>
      </input_file>
   </input_file_list>
   <object_component_list>
      <object_component id="oc-48">
         <name>.text</name>
         <load_address>0x20000</load_address>
         <run_address>0x20000</run_address>
         <size>0x15a4</size>
         <input_file_ref idref="fl-f"/>
      </object_component>
      <object_component id="oc-1f">
         <name>.text</name>
         <load_address>0x215a4</load_address>
         <run_address>0x215a4</run_address>
         <size>0x7a5</size>
         <input_file_ref idref="fl-4"/>
      </object_component>
      <object_component id="oc-16">
         <name>.text</name>
         <load_address>0x21d49</load_address>
         <run_address>0x21d49</run_address>
         <size>0x49a</size>
         <input_file_ref idref="fl-3"/>
      </object_component>
      <object_component id="oc-84">
         <name>.text</name>
         <load_address>0x221e3</load_address>
         <run_address>0x221e3</run_address>
         <size>0x3cc</size>
         <input_file_ref idref="fl-1e"/>
      </object_component>
      <object_component id="oc-68">
         <name>.text</name>
         <load_address>0x225af</load_address>
         <run_address>0x225af</run_address>
         <size>0x25e</size>
         <input_file_ref idref="fl-17"/>
      </object_component>
      <object_component id="oc-a9">
         <name>.text</name>
         <load_address>0x2280d</load_address>
         <run_address>0x2280d</run_address>
         <size>0x259</size>
         <input_file_ref idref="fl-27"/>
      </object_component>
      <object_component id="oc-80">
         <name>.text</name>
         <load_address>0x22a66</load_address>
         <run_address>0x22a66</run_address>
         <size>0x1ea</size>
         <input_file_ref idref="fl-1d"/>
      </object_component>
      <object_component id="oc-12">
         <name>.text</name>
         <load_address>0x22c50</load_address>
         <run_address>0x22c50</run_address>
         <size>0x1e5</size>
         <input_file_ref idref="fl-2"/>
      </object_component>
      <object_component id="oc-99">
         <name>.text</name>
         <load_address>0x22e35</load_address>
         <run_address>0x22e35</run_address>
         <size>0x14c</size>
         <input_file_ref idref="fl-23"/>
      </object_component>
      <object_component id="oc-1b">
         <name>.text:retain</name>
         <load_address>0x22f81</load_address>
         <run_address>0x22f81</run_address>
         <size>0x13b</size>
         <input_file_ref idref="fl-3"/>
      </object_component>
      <object_component id="oc-25">
         <name>.text</name>
         <load_address>0x230bc</load_address>
         <run_address>0x230bc</run_address>
         <size>0xd5</size>
         <input_file_ref idref="fl-5"/>
      </object_component>
      <object_component id="oc-74">
         <name>.text</name>
         <load_address>0x23191</load_address>
         <run_address>0x23191</run_address>
         <size>0xa1</size>
         <input_file_ref idref="fl-1a"/>
      </object_component>
      <object_component id="oc-58">
         <name>.text</name>
         <load_address>0x23232</load_address>
         <run_address>0x23232</run_address>
         <size>0x7d</size>
         <input_file_ref idref="fl-13"/>
      </object_component>
      <object_component id="oc-ad">
         <name>.text</name>
         <load_address>0x232af</load_address>
         <run_address>0x232af</run_address>
         <size>0x76</size>
         <input_file_ref idref="fl-28"/>
      </object_component>
      <object_component id="oc-95">
         <name>.text</name>
         <load_address>0x23325</load_address>
         <run_address>0x23325</run_address>
         <size>0x73</size>
         <input_file_ref idref="fl-22"/>
      </object_component>
      <object_component id="oc-7c">
         <name>.text</name>
         <load_address>0x23398</load_address>
         <run_address>0x23398</run_address>
         <size>0x72</size>
         <input_file_ref idref="fl-1c"/>
      </object_component>
      <object_component id="oc-2f">
         <name>.text</name>
         <load_address>0x2340a</load_address>
         <run_address>0x2340a</run_address>
         <size>0x70</size>
         <input_file_ref idref="fl-a"/>
      </object_component>
      <object_component id="oc-8c">
         <name>.text</name>
         <load_address>0x2347a</load_address>
         <run_address>0x2347a</run_address>
         <size>0x6f</size>
         <input_file_ref idref="fl-20"/>
      </object_component>
      <object_component id="oc-90">
         <name>.text</name>
         <load_address>0x234e9</load_address>
         <run_address>0x234e9</run_address>
         <size>0x67</size>
         <input_file_ref idref="fl-21"/>
      </object_component>
      <object_component id="oc-52">
         <name>.text</name>
         <load_address>0x23550</load_address>
         <run_address>0x23550</run_address>
         <size>0x5c</size>
         <input_file_ref idref="fl-11"/>
      </object_component>
      <object_component id="oc-60">
         <name>.text</name>
         <load_address>0x235ac</load_address>
         <run_address>0x235ac</run_address>
         <size>0x4d</size>
         <input_file_ref idref="fl-15"/>
      </object_component>
      <object_component id="oc-4e">
         <name>.text</name>
         <load_address>0x235f9</load_address>
         <run_address>0x235f9</run_address>
         <size>0x4b</size>
         <input_file_ref idref="fl-10"/>
      </object_component>
      <object_component id="oc-78">
         <name>.text</name>
         <load_address>0x23644</load_address>
         <run_address>0x23644</run_address>
         <size>0x4b</size>
         <input_file_ref idref="fl-1b"/>
      </object_component>
      <object_component id="oc-70">
         <name>.text</name>
         <load_address>0x2368f</load_address>
         <run_address>0x2368f</run_address>
         <size>0x48</size>
         <input_file_ref idref="fl-19"/>
      </object_component>
      <object_component id="oc-37">
         <name>.text</name>
         <load_address>0x236d7</load_address>
         <run_address>0x236d7</run_address>
         <size>0x3f</size>
         <input_file_ref idref="fl-c"/>
      </object_component>
      <object_component id="oc-3b">
         <name>.text</name>
         <load_address>0x23716</load_address>
         <run_address>0x23716</run_address>
         <size>0x3e</size>
         <input_file_ref idref="fl-d"/>
      </object_component>
      <object_component id="oc-10">
         <name>.text</name>
         <load_address>0x23754</load_address>
         <run_address>0x23754</run_address>
         <size>0x34</size>
         <input_file_ref idref="fl-b"/>
      </object_component>
      <object_component id="oc-88">
         <name>.text</name>
         <load_address>0x23788</load_address>
         <run_address>0x23788</run_address>
         <size>0x2a</size>
         <input_file_ref idref="fl-1f"/>
      </object_component>
      <object_component id="oc-64">
         <name>.text</name>
         <load_address>0x237b2</load_address>
         <run_address>0x237b2</run_address>
         <size>0x2a</size>
         <input_file_ref idref="fl-16"/>
      </object_component>
      <object_component id="oc-5c">
         <name>.text</name>
         <load_address>0x237dc</load_address>
         <run_address>0x237dc</run_address>
         <size>0x23</size>
         <input_file_ref idref="fl-14"/>
      </object_component>
      <object_component id="oc-6c">
         <name>.text</name>
         <load_address>0x237ff</load_address>
         <run_address>0x237ff</run_address>
         <size>0x1a</size>
         <input_file_ref idref="fl-18"/>
      </object_component>
      <object_component id="oc-a1">
         <name>.text</name>
         <load_address>0x23819</load_address>
         <run_address>0x23819</run_address>
         <size>0x14</size>
         <input_file_ref idref="fl-25"/>
      </object_component>
      <object_component id="oc-a5">
         <name>.text</name>
         <load_address>0x2382d</load_address>
         <run_address>0x2382d</run_address>
         <size>0x13</size>
         <input_file_ref idref="fl-26"/>
      </object_component>
      <object_component id="oc-42">
         <name>.text</name>
         <load_address>0x23840</load_address>
         <run_address>0x23840</run_address>
         <size>0x12</size>
         <input_file_ref idref="fl-e"/>
      </object_component>
      <object_component id="oc-9d">
         <name>.text</name>
         <load_address>0x23852</load_address>
         <run_address>0x23852</run_address>
         <size>0x10</size>
         <input_file_ref idref="fl-24"/>
      </object_component>
      <object_component id="oc-3f">
         <name>.text:CIO_breakpoint</name>
         <load_address>0x23862</load_address>
         <run_address>0x23862</run_address>
         <size>0x7</size>
         <input_file_ref idref="fl-d"/>
      </object_component>
      <object_component id="oc-2b">
         <name>.text</name>
         <load_address>0x23869</load_address>
         <run_address>0x23869</run_address>
         <size>0x2</size>
         <input_file_ref idref="fl-6"/>
      </object_component>
      <object_component id="oc-33">
         <name>.stack</name>
         <uninitialized>true</uninitialized>
         <run_address>0xc0</run_address>
         <size>0x0</size>
         <input_file_ref idref="fl-b"/>
      </object_component>
      <object_component id="oc-cc">
         <name>.stack</name>
         <uninitialized>true</uninitialized>
         <run_address>0xc0</run_address>
         <size>0x0</size>
      </object_component>
      <object_component id="oc-b1">
         <name>.sysstack</name>
         <uninitialized>true</uninitialized>
         <run_address>0x20c0</run_address>
         <size>0x0</size>
         <input_file_ref idref="fl-b"/>
      </object_component>
      <object_component id="oc-cd">
         <name>.sysstack</name>
         <uninitialized>true</uninitialized>
         <run_address>0x20c0</run_address>
         <size>0x0</size>
      </object_component>
      <object_component id="oc-17">
         <name>.bss</name>
         <uninitialized>true</uninitialized>
         <run_address>0x30c0</run_address>
         <size>0x820e</size>
         <input_file_ref idref="fl-3"/>
      </object_component>
      <object_component id="oc-20">
         <name>.bss</name>
         <uninitialized>true</uninitialized>
         <run_address>0xb2ce</run_address>
         <size>0x178</size>
         <input_file_ref idref="fl-4"/>
      </object_component>
      <object_component id="oc-26">
         <name>.bss</name>
         <uninitialized>true</uninitialized>
         <run_address>0xb458</run_address>
         <size>0x4</size>
         <input_file_ref idref="fl-5"/>
      </object_component>
      <object_component id="oc-3c">
         <name>.bss</name>
         <uninitialized>true</uninitialized>
         <run_address>0xb450</run_address>
         <size>0x8</size>
         <input_file_ref idref="fl-d"/>
      </object_component>
      <object_component id="oc-43">
         <name>.bss</name>
         <uninitialized>true</uninitialized>
         <run_address>0xb448</run_address>
         <size>0x8</size>
         <input_file_ref idref="fl-e"/>
      </object_component>
      <object_component id="oc-b5">
         <name>.const:__ctypes_</name>
         <load_address>0xb45c</load_address>
         <run_address>0xb45c</run_address>
         <size>0x202</size>
         <input_file_ref idref="fl-12"/>
      </object_component>
      <object_component id="oc-1c">
         <name>.const:.string</name>
         <load_address>0xb660</load_address>
         <run_address>0xb660</run_address>
         <size>0x16c</size>
         <input_file_ref idref="fl-3"/>
      </object_component>
      <object_component id="oc-4b">
         <name>.const:.string</name>
         <load_address>0xb7cc</load_address>
         <run_address>0xb7cc</run_address>
         <size>0x48</size>
         <input_file_ref idref="fl-f"/>
      </object_component>
      <object_component id="oc-b4">
         <name>.const:_$P$T0$1</name>
         <load_address>0xb814</load_address>
         <run_address>0xb814</run_address>
         <size>0x28</size>
         <input_file_ref idref="fl-3"/>
      </object_component>
      <object_component id="oc-b2">
         <name>.const:_$P$T1$3</name>
         <load_address>0xb83c</load_address>
         <run_address>0xb83c</run_address>
         <size>0x28</size>
         <input_file_ref idref="fl-3"/>
      </object_component>
      <object_component id="oc-b3">
         <name>.const:_$P$T2$4</name>
         <load_address>0xb864</load_address>
         <run_address>0xb864</run_address>
         <size>0x28</size>
         <input_file_ref idref="fl-3"/>
      </object_component>
      <object_component id="oc-4a">
         <name>.const</name>
         <load_address>0xb88c</load_address>
         <run_address>0xb88c</run_address>
         <size>0x18</size>
         <input_file_ref idref="fl-f"/>
      </object_component>
      <object_component id="oc-b6">
         <name>.const:_initial_approx$1</name>
         <load_address>0xb8a4</load_address>
         <run_address>0xb8a4</run_address>
         <size>0x10</size>
         <input_file_ref idref="fl-1e"/>
      </object_component>
      <object_component id="oc-1a">
         <name>.const</name>
         <load_address>0xb8b4</load_address>
         <run_address>0xb8b4</run_address>
         <size>0x4</size>
         <input_file_ref idref="fl-3"/>
      </object_component>
      <object_component id="oc-92">
         <name>.const</name>
         <load_address>0xb8b8</load_address>
         <run_address>0xb8b8</run_address>
         <size>0x4</size>
         <input_file_ref idref="fl-21"/>
      </object_component>
      <object_component id="oc-19">
         <name>.cinit</name>
         <load_address>0x4e000</load_address>
         <run_address>0x4e000</run_address>
         <size>0x23e</size>
         <input_file_ref idref="fl-3"/>
      </object_component>
      <object_component id="oc-22">
         <name>.cinit</name>
         <load_address>0x4e23e</load_address>
         <run_address>0x4e23e</run_address>
         <size>0x184</size>
         <input_file_ref idref="fl-4"/>
      </object_component>
      <object_component id="oc-45">
         <name>.cinit</name>
         <load_address>0x4e3c2</load_address>
         <run_address>0x4e3c2</run_address>
         <size>0x14</size>
         <input_file_ref idref="fl-e"/>
      </object_component>
      <object_component id="oc-3e">
         <name>.cinit</name>
         <load_address>0x4e3d6</load_address>
         <run_address>0x4e3d6</run_address>
         <size>0x14</size>
         <input_file_ref idref="fl-d"/>
      </object_component>
      <object_component id="oc-28">
         <name>.cinit</name>
         <load_address>0x4e3ea</load_address>
         <run_address>0x4e3ea</run_address>
         <size>0xa</size>
         <input_file_ref idref="fl-5"/>
      </object_component>
      <object_component id="oc-11">
         <name>vectors</name>
         <load_address>0x48000</load_address>
         <run_address>0x48000</run_address>
         <size>0x100</size>
         <input_file_ref idref="fl-6"/>
      </object_component>
      <object_component id="oc-13">
         <name>.debug_info</name>
         <load_address>0x0</load_address>
         <run_address>0x0</run_address>
         <size>0xa26</size>
         <input_file_ref idref="fl-2"/>
      </object_component>
      <object_component id="oc-18">
         <name>.debug_info</name>
         <load_address>0xa26</load_address>
         <run_address>0xa26</run_address>
         <size>0xf69</size>
         <input_file_ref idref="fl-3"/>
      </object_component>
      <object_component id="oc-21">
         <name>.debug_info</name>
         <load_address>0x198f</load_address>
         <run_address>0x198f</run_address>
         <size>0x15c9</size>
         <input_file_ref idref="fl-4"/>
      </object_component>
      <object_component id="oc-27">
         <name>.debug_info</name>
         <load_address>0x2f58</load_address>
         <run_address>0x2f58</run_address>
         <size>0x9a4</size>
         <input_file_ref idref="fl-5"/>
      </object_component>
      <object_component id="oc-2c">
         <name>.debug_info</name>
         <load_address>0x38fc</load_address>
         <run_address>0x38fc</run_address>
         <size>0xbb</size>
         <input_file_ref idref="fl-6"/>
      </object_component>
      <object_component id="oc-30">
         <name>.debug_info</name>
         <load_address>0x39b7</load_address>
         <run_address>0x39b7</run_address>
         <size>0x6c6</size>
         <input_file_ref idref="fl-a"/>
      </object_component>
      <object_component id="oc-34">
         <name>.debug_info</name>
         <load_address>0x407d</load_address>
         <run_address>0x407d</run_address>
         <size>0xe8</size>
         <input_file_ref idref="fl-b"/>
      </object_component>
      <object_component id="oc-38">
         <name>.debug_info</name>
         <load_address>0x4165</load_address>
         <run_address>0x4165</run_address>
         <size>0xd1</size>
         <input_file_ref idref="fl-c"/>
      </object_component>
      <object_component id="oc-3d">
         <name>.debug_info</name>
         <load_address>0x4236</load_address>
         <run_address>0x4236</run_address>
         <size>0x5fb</size>
         <input_file_ref idref="fl-d"/>
      </object_component>
      <object_component id="oc-44">
         <name>.debug_info</name>
         <load_address>0x4831</load_address>
         <run_address>0x4831</run_address>
         <size>0x5bc</size>
         <input_file_ref idref="fl-e"/>
      </object_component>
      <object_component id="oc-49">
         <name>.debug_info</name>
         <load_address>0x4ded</load_address>
         <run_address>0x4ded</run_address>
         <size>0x27b1</size>
         <input_file_ref idref="fl-f"/>
      </object_component>
      <object_component id="oc-4f">
         <name>.debug_info</name>
         <load_address>0x759e</load_address>
         <run_address>0x759e</run_address>
         <size>0x586</size>
         <input_file_ref idref="fl-10"/>
      </object_component>
      <object_component id="oc-53">
         <name>.debug_info</name>
         <load_address>0x7b24</load_address>
         <run_address>0x7b24</run_address>
         <size>0x5a4</size>
         <input_file_ref idref="fl-11"/>
      </object_component>
      <object_component id="oc-56">
         <name>.debug_info</name>
         <load_address>0x80c8</load_address>
         <run_address>0x80c8</run_address>
         <size>0x498</size>
         <input_file_ref idref="fl-12"/>
      </object_component>
      <object_component id="oc-59">
         <name>.debug_info</name>
         <load_address>0x8560</load_address>
         <run_address>0x8560</run_address>
         <size>0x5ad</size>
         <input_file_ref idref="fl-13"/>
      </object_component>
      <object_component id="oc-5d">
         <name>.debug_info</name>
         <load_address>0x8b0d</load_address>
         <run_address>0x8b0d</run_address>
         <size>0x574</size>
         <input_file_ref idref="fl-14"/>
      </object_component>
      <object_component id="oc-61">
         <name>.debug_info</name>
         <load_address>0x9081</load_address>
         <run_address>0x9081</run_address>
         <size>0xcd</size>
         <input_file_ref idref="fl-15"/>
      </object_component>
      <object_component id="oc-65">
         <name>.debug_info</name>
         <load_address>0x914e</load_address>
         <run_address>0x914e</run_address>
         <size>0xef</size>
         <input_file_ref idref="fl-16"/>
      </object_component>
      <object_component id="oc-69">
         <name>.debug_info</name>
         <load_address>0x923d</load_address>
         <run_address>0x923d</run_address>
         <size>0x7d4</size>
         <input_file_ref idref="fl-17"/>
      </object_component>
      <object_component id="oc-6d">
         <name>.debug_info</name>
         <load_address>0x9a11</load_address>
         <run_address>0x9a11</run_address>
         <size>0x680</size>
         <input_file_ref idref="fl-18"/>
      </object_component>
      <object_component id="oc-71">
         <name>.debug_info</name>
         <load_address>0xa091</load_address>
         <run_address>0xa091</run_address>
         <size>0x4f2</size>
         <input_file_ref idref="fl-19"/>
      </object_component>
      <object_component id="oc-75">
         <name>.debug_info</name>
         <load_address>0xa583</load_address>
         <run_address>0xa583</run_address>
         <size>0x534</size>
         <input_file_ref idref="fl-1a"/>
      </object_component>
      <object_component id="oc-79">
         <name>.debug_info</name>
         <load_address>0xaab7</load_address>
         <run_address>0xaab7</run_address>
         <size>0x4f2</size>
         <input_file_ref idref="fl-1b"/>
      </object_component>
      <object_component id="oc-7d">
         <name>.debug_info</name>
         <load_address>0xafa9</load_address>
         <run_address>0xafa9</run_address>
         <size>0x534</size>
         <input_file_ref idref="fl-1c"/>
      </object_component>
      <object_component id="oc-81">
         <name>.debug_info</name>
         <load_address>0xb4dd</load_address>
         <run_address>0xb4dd</run_address>
         <size>0x81f</size>
         <input_file_ref idref="fl-1d"/>
      </object_component>
      <object_component id="oc-85">
         <name>.debug_info</name>
         <load_address>0xbcfc</load_address>
         <run_address>0xbcfc</run_address>
         <size>0x7e8</size>
         <input_file_ref idref="fl-1e"/>
      </object_component>
      <object_component id="oc-89">
         <name>.debug_info</name>
         <load_address>0xc4e4</load_address>
         <run_address>0xc4e4</run_address>
         <size>0x4cf</size>
         <input_file_ref idref="fl-1f"/>
      </object_component>
      <object_component id="oc-8d">
         <name>.debug_info</name>
         <load_address>0xc9b3</load_address>
         <run_address>0xc9b3</run_address>
         <size>0x534</size>
         <input_file_ref idref="fl-20"/>
      </object_component>
      <object_component id="oc-91">
         <name>.debug_info</name>
         <load_address>0xcee7</load_address>
         <run_address>0xcee7</run_address>
         <size>0x549</size>
         <input_file_ref idref="fl-21"/>
      </object_component>
      <object_component id="oc-96">
         <name>.debug_info</name>
         <load_address>0xd430</load_address>
         <run_address>0xd430</run_address>
         <size>0x53e</size>
         <input_file_ref idref="fl-22"/>
      </object_component>
      <object_component id="oc-9a">
         <name>.debug_info</name>
         <load_address>0xd96e</load_address>
         <run_address>0xd96e</run_address>
         <size>0x55b</size>
         <input_file_ref idref="fl-23"/>
      </object_component>
      <object_component id="oc-9e">
         <name>.debug_info</name>
         <load_address>0xdec9</load_address>
         <run_address>0xdec9</run_address>
         <size>0x4b7</size>
         <input_file_ref idref="fl-24"/>
      </object_component>
      <object_component id="oc-a2">
         <name>.debug_info</name>
         <load_address>0xe380</load_address>
         <run_address>0xe380</run_address>
         <size>0x4de</size>
         <input_file_ref idref="fl-25"/>
      </object_component>
      <object_component id="oc-a6">
         <name>.debug_info</name>
         <load_address>0xe85e</load_address>
         <run_address>0xe85e</run_address>
         <size>0xbd</size>
         <input_file_ref idref="fl-26"/>
      </object_component>
      <object_component id="oc-aa">
         <name>.debug_info</name>
         <load_address>0xe91b</load_address>
         <run_address>0xe91b</run_address>
         <size>0x5ab</size>
         <input_file_ref idref="fl-27"/>
      </object_component>
      <object_component id="oc-ae">
         <name>.debug_info</name>
         <load_address>0xeec6</load_address>
         <run_address>0xeec6</run_address>
         <size>0x4d2</size>
         <input_file_ref idref="fl-28"/>
      </object_component>
      <object_component id="oc-d0">
         <name>.debug_info</name>
         <load_address>0xf398</load_address>
         <run_address>0xf398</run_address>
         <size>0x6e</size>
      </object_component>
      <object_component id="oc-14">
         <name>.debug_line</name>
         <load_address>0x0</load_address>
         <run_address>0x0</run_address>
         <size>0x6c</size>
         <input_file_ref idref="fl-2"/>
      </object_component>
      <object_component id="oc-1d">
         <name>.debug_line</name>
         <load_address>0x6c</load_address>
         <run_address>0x6c</run_address>
         <size>0x10f</size>
         <input_file_ref idref="fl-3"/>
      </object_component>
      <object_component id="oc-23">
         <name>.debug_line</name>
         <load_address>0x17b</load_address>
         <run_address>0x17b</run_address>
         <size>0x17c</size>
         <input_file_ref idref="fl-4"/>
      </object_component>
      <object_component id="oc-29">
         <name>.debug_line</name>
         <load_address>0x2f7</load_address>
         <run_address>0x2f7</run_address>
         <size>0xae</size>
         <input_file_ref idref="fl-5"/>
      </object_component>
      <object_component id="oc-2d">
         <name>.debug_line</name>
         <load_address>0x3a5</load_address>
         <run_address>0x3a5</run_address>
         <size>0x3b</size>
         <input_file_ref idref="fl-6"/>
      </object_component>
      <object_component id="oc-31">
         <name>.debug_line</name>
         <load_address>0x3e0</load_address>
         <run_address>0x3e0</run_address>
         <size>0x68</size>
         <input_file_ref idref="fl-a"/>
      </object_component>
      <object_component id="oc-35">
         <name>.debug_line</name>
         <load_address>0x448</load_address>
         <run_address>0x448</run_address>
         <size>0x54</size>
         <input_file_ref idref="fl-b"/>
      </object_component>
      <object_component id="oc-39">
         <name>.debug_line</name>
         <load_address>0x49c</load_address>
         <run_address>0x49c</run_address>
         <size>0x4d</size>
         <input_file_ref idref="fl-c"/>
      </object_component>
      <object_component id="oc-40">
         <name>.debug_line</name>
         <load_address>0x4e9</load_address>
         <run_address>0x4e9</run_address>
         <size>0x51</size>
         <input_file_ref idref="fl-d"/>
      </object_component>
      <object_component id="oc-46">
         <name>.debug_line</name>
         <load_address>0x53a</load_address>
         <run_address>0x53a</run_address>
         <size>0x57</size>
         <input_file_ref idref="fl-e"/>
      </object_component>
      <object_component id="oc-4c">
         <name>.debug_line</name>
         <load_address>0x591</load_address>
         <run_address>0x591</run_address>
         <size>0x320</size>
         <input_file_ref idref="fl-f"/>
      </object_component>
      <object_component id="oc-50">
         <name>.debug_line</name>
         <load_address>0x8b1</load_address>
         <run_address>0x8b1</run_address>
         <size>0x41</size>
         <input_file_ref idref="fl-10"/>
      </object_component>
      <object_component id="oc-54">
         <name>.debug_line</name>
         <load_address>0x8f2</load_address>
         <run_address>0x8f2</run_address>
         <size>0x46</size>
         <input_file_ref idref="fl-11"/>
      </object_component>
      <object_component id="oc-5a">
         <name>.debug_line</name>
         <load_address>0x938</load_address>
         <run_address>0x938</run_address>
         <size>0x40</size>
         <input_file_ref idref="fl-13"/>
      </object_component>
      <object_component id="oc-5e">
         <name>.debug_line</name>
         <load_address>0x978</load_address>
         <run_address>0x978</run_address>
         <size>0x3c</size>
         <input_file_ref idref="fl-14"/>
      </object_component>
      <object_component id="oc-62">
         <name>.debug_line</name>
         <load_address>0x9b4</load_address>
         <run_address>0x9b4</run_address>
         <size>0x55</size>
         <input_file_ref idref="fl-15"/>
      </object_component>
      <object_component id="oc-66">
         <name>.debug_line</name>
         <load_address>0xa09</load_address>
         <run_address>0xa09</run_address>
         <size>0x58</size>
         <input_file_ref idref="fl-16"/>
      </object_component>
      <object_component id="oc-6a">
         <name>.debug_line</name>
         <load_address>0xa61</load_address>
         <run_address>0xa61</run_address>
         <size>0xa8</size>
         <input_file_ref idref="fl-17"/>
      </object_component>
      <object_component id="oc-6e">
         <name>.debug_line</name>
         <load_address>0xb09</load_address>
         <run_address>0xb09</run_address>
         <size>0x38</size>
         <input_file_ref idref="fl-18"/>
      </object_component>
      <object_component id="oc-72">
         <name>.debug_line</name>
         <load_address>0xb41</load_address>
         <run_address>0xb41</run_address>
         <size>0x3c</size>
         <input_file_ref idref="fl-19"/>
      </object_component>
      <object_component id="oc-76">
         <name>.debug_line</name>
         <load_address>0xb7d</load_address>
         <run_address>0xb7d</run_address>
         <size>0x44</size>
         <input_file_ref idref="fl-1a"/>
      </object_component>
      <object_component id="oc-7a">
         <name>.debug_line</name>
         <load_address>0xbc1</load_address>
         <run_address>0xbc1</run_address>
         <size>0x3c</size>
         <input_file_ref idref="fl-1b"/>
      </object_component>
      <object_component id="oc-7e">
         <name>.debug_line</name>
         <load_address>0xbfd</load_address>
         <run_address>0xbfd</run_address>
         <size>0x44</size>
         <input_file_ref idref="fl-1c"/>
      </object_component>
      <object_component id="oc-82">
         <name>.debug_line</name>
         <load_address>0xc41</load_address>
         <run_address>0xc41</run_address>
         <size>0xad</size>
         <input_file_ref idref="fl-1d"/>
      </object_component>
      <object_component id="oc-86">
         <name>.debug_line</name>
         <load_address>0xcee</load_address>
         <run_address>0xcee</run_address>
         <size>0x4b</size>
         <input_file_ref idref="fl-1e"/>
      </object_component>
      <object_component id="oc-8a">
         <name>.debug_line</name>
         <load_address>0xd39</load_address>
         <run_address>0xd39</run_address>
         <size>0x3d</size>
         <input_file_ref idref="fl-1f"/>
      </object_component>
      <object_component id="oc-8e">
         <name>.debug_line</name>
         <load_address>0xd76</load_address>
         <run_address>0xd76</run_address>
         <size>0x3d</size>
         <input_file_ref idref="fl-20"/>
      </object_component>
      <object_component id="oc-93">
         <name>.debug_line</name>
         <load_address>0xdb3</load_address>
         <run_address>0xdb3</run_address>
         <size>0x44</size>
         <input_file_ref idref="fl-21"/>
      </object_component>
      <object_component id="oc-97">
         <name>.debug_line</name>
         <load_address>0xdf7</load_address>
         <run_address>0xdf7</run_address>
         <size>0x40</size>
         <input_file_ref idref="fl-22"/>
      </object_component>
      <object_component id="oc-9b">
         <name>.debug_line</name>
         <load_address>0xe37</load_address>
         <run_address>0xe37</run_address>
         <size>0x3c</size>
         <input_file_ref idref="fl-23"/>
      </object_component>
      <object_component id="oc-9f">
         <name>.debug_line</name>
         <load_address>0xe73</load_address>
         <run_address>0xe73</run_address>
         <size>0x37</size>
         <input_file_ref idref="fl-24"/>
      </object_component>
      <object_component id="oc-a3">
         <name>.debug_line</name>
         <load_address>0xeaa</load_address>
         <run_address>0xeaa</run_address>
         <size>0x37</size>
         <input_file_ref idref="fl-25"/>
      </object_component>
      <object_component id="oc-a7">
         <name>.debug_line</name>
         <load_address>0xee1</load_address>
         <run_address>0xee1</run_address>
         <size>0x3c</size>
         <input_file_ref idref="fl-26"/>
      </object_component>
      <object_component id="oc-ab">
         <name>.debug_line</name>
         <load_address>0xf1d</load_address>
         <run_address>0xf1d</run_address>
         <size>0x5c</size>
         <input_file_ref idref="fl-27"/>
      </object_component>
      <object_component id="oc-af">
         <name>.debug_line</name>
         <load_address>0xf79</load_address>
         <run_address>0xf79</run_address>
         <size>0x3a</size>
         <input_file_ref idref="fl-28"/>
      </object_component>
      <object_component id="oc-15">
         <name>.debug_abbrev</name>
         <load_address>0x0</load_address>
         <run_address>0x0</run_address>
         <size>0xe1</size>
         <input_file_ref idref="fl-2"/>
      </object_component>
      <object_component id="oc-1e">
         <name>.debug_abbrev</name>
         <load_address>0xe1</load_address>
         <run_address>0xe1</run_address>
         <size>0x1d3</size>
         <input_file_ref idref="fl-3"/>
      </object_component>
      <object_component id="oc-24">
         <name>.debug_abbrev</name>
         <load_address>0x2b4</load_address>
         <run_address>0x2b4</run_address>
         <size>0x19a</size>
         <input_file_ref idref="fl-4"/>
      </object_component>
      <object_component id="oc-2a">
         <name>.debug_abbrev</name>
         <load_address>0x44e</load_address>
         <run_address>0x44e</run_address>
         <size>0xcd</size>
         <input_file_ref idref="fl-5"/>
      </object_component>
      <object_component id="oc-2e">
         <name>.debug_abbrev</name>
         <load_address>0x51b</load_address>
         <run_address>0x51b</run_address>
         <size>0x23</size>
         <input_file_ref idref="fl-6"/>
      </object_component>
      <object_component id="oc-32">
         <name>.debug_abbrev</name>
         <load_address>0x53e</load_address>
         <run_address>0x53e</run_address>
         <size>0x113</size>
         <input_file_ref idref="fl-a"/>
      </object_component>
      <object_component id="oc-36">
         <name>.debug_abbrev</name>
         <load_address>0x651</load_address>
         <run_address>0x651</run_address>
         <size>0x3a</size>
         <input_file_ref idref="fl-b"/>
      </object_component>
      <object_component id="oc-3a">
         <name>.debug_abbrev</name>
         <load_address>0x68b</load_address>
         <run_address>0x68b</run_address>
         <size>0x38</size>
         <input_file_ref idref="fl-c"/>
      </object_component>
      <object_component id="oc-41">
         <name>.debug_abbrev</name>
         <load_address>0x6c3</load_address>
         <run_address>0x6c3</run_address>
         <size>0xf7</size>
         <input_file_ref idref="fl-d"/>
      </object_component>
      <object_component id="oc-47">
         <name>.debug_abbrev</name>
         <load_address>0x7ba</load_address>
         <run_address>0x7ba</run_address>
         <size>0x9f</size>
         <input_file_ref idref="fl-e"/>
      </object_component>
      <object_component id="oc-4d">
         <name>.debug_abbrev</name>
         <load_address>0x859</load_address>
         <run_address>0x859</run_address>
         <size>0x1f8</size>
         <input_file_ref idref="fl-f"/>
      </object_component>
      <object_component id="oc-51">
         <name>.debug_abbrev</name>
         <load_address>0xa51</load_address>
         <run_address>0xa51</run_address>
         <size>0xec</size>
         <input_file_ref idref="fl-10"/>
      </object_component>
      <object_component id="oc-55">
         <name>.debug_abbrev</name>
         <load_address>0xb3d</load_address>
         <run_address>0xb3d</run_address>
         <size>0xd5</size>
         <input_file_ref idref="fl-11"/>
      </object_component>
      <object_component id="oc-57">
         <name>.debug_abbrev</name>
         <load_address>0xc12</load_address>
         <run_address>0xc12</run_address>
         <size>0x68</size>
         <input_file_ref idref="fl-12"/>
      </object_component>
      <object_component id="oc-5b">
         <name>.debug_abbrev</name>
         <load_address>0xc7a</load_address>
         <run_address>0xc7a</run_address>
         <size>0xec</size>
         <input_file_ref idref="fl-13"/>
      </object_component>
      <object_component id="oc-5f">
         <name>.debug_abbrev</name>
         <load_address>0xd66</load_address>
         <run_address>0xd66</run_address>
         <size>0xb7</size>
         <input_file_ref idref="fl-14"/>
      </object_component>
      <object_component id="oc-63">
         <name>.debug_abbrev</name>
         <load_address>0xe1d</load_address>
         <run_address>0xe1d</run_address>
         <size>0x44</size>
         <input_file_ref idref="fl-15"/>
      </object_component>
      <object_component id="oc-67">
         <name>.debug_abbrev</name>
         <load_address>0xe61</load_address>
         <run_address>0xe61</run_address>
         <size>0x38</size>
         <input_file_ref idref="fl-16"/>
      </object_component>
      <object_component id="oc-6b">
         <name>.debug_abbrev</name>
         <load_address>0xe99</load_address>
         <run_address>0xe99</run_address>
         <size>0xb7</size>
         <input_file_ref idref="fl-17"/>
      </object_component>
      <object_component id="oc-6f">
         <name>.debug_abbrev</name>
         <load_address>0xf50</load_address>
         <run_address>0xf50</run_address>
         <size>0xd0</size>
         <input_file_ref idref="fl-18"/>
      </object_component>
      <object_component id="oc-73">
         <name>.debug_abbrev</name>
         <load_address>0x1020</load_address>
         <run_address>0x1020</run_address>
         <size>0xa6</size>
         <input_file_ref idref="fl-19"/>
      </object_component>
      <object_component id="oc-77">
         <name>.debug_abbrev</name>
         <load_address>0x10c6</load_address>
         <run_address>0x10c6</run_address>
         <size>0xb5</size>
         <input_file_ref idref="fl-1a"/>
      </object_component>
      <object_component id="oc-7b">
         <name>.debug_abbrev</name>
         <load_address>0x117b</load_address>
         <run_address>0x117b</run_address>
         <size>0xa6</size>
         <input_file_ref idref="fl-1b"/>
      </object_component>
      <object_component id="oc-7f">
         <name>.debug_abbrev</name>
         <load_address>0x1221</load_address>
         <run_address>0x1221</run_address>
         <size>0xb5</size>
         <input_file_ref idref="fl-1c"/>
      </object_component>
      <object_component id="oc-83">
         <name>.debug_abbrev</name>
         <load_address>0x12d6</load_address>
         <run_address>0x12d6</run_address>
         <size>0xb7</size>
         <input_file_ref idref="fl-1d"/>
      </object_component>
      <object_component id="oc-87">
         <name>.debug_abbrev</name>
         <load_address>0x138d</load_address>
         <run_address>0x138d</run_address>
         <size>0x112</size>
         <input_file_ref idref="fl-1e"/>
      </object_component>
      <object_component id="oc-8b">
         <name>.debug_abbrev</name>
         <load_address>0x149f</load_address>
         <run_address>0x149f</run_address>
         <size>0x8f</size>
         <input_file_ref idref="fl-1f"/>
      </object_component>
      <object_component id="oc-8f">
         <name>.debug_abbrev</name>
         <load_address>0x152e</load_address>
         <run_address>0x152e</run_address>
         <size>0xb7</size>
         <input_file_ref idref="fl-20"/>
      </object_component>
      <object_component id="oc-94">
         <name>.debug_abbrev</name>
         <load_address>0x15e5</load_address>
         <run_address>0x15e5</run_address>
         <size>0xc2</size>
         <input_file_ref idref="fl-21"/>
      </object_component>
      <object_component id="oc-98">
         <name>.debug_abbrev</name>
         <load_address>0x16a7</load_address>
         <run_address>0x16a7</run_address>
         <size>0x9a</size>
         <input_file_ref idref="fl-22"/>
      </object_component>
      <object_component id="oc-9c">
         <name>.debug_abbrev</name>
         <load_address>0x1741</load_address>
         <run_address>0x1741</run_address>
         <size>0xdc</size>
         <input_file_ref idref="fl-23"/>
      </object_component>
      <object_component id="oc-a0">
         <name>.debug_abbrev</name>
         <load_address>0x181d</load_address>
         <run_address>0x181d</run_address>
         <size>0x81</size>
         <input_file_ref idref="fl-24"/>
      </object_component>
      <object_component id="oc-a4">
         <name>.debug_abbrev</name>
         <load_address>0x189e</load_address>
         <run_address>0x189e</run_address>
         <size>0x8f</size>
         <input_file_ref idref="fl-25"/>
      </object_component>
      <object_component id="oc-a8">
         <name>.debug_abbrev</name>
         <load_address>0x192d</load_address>
         <run_address>0x192d</run_address>
         <size>0x38</size>
         <input_file_ref idref="fl-26"/>
      </object_component>
      <object_component id="oc-ac">
         <name>.debug_abbrev</name>
         <load_address>0x1965</load_address>
         <run_address>0x1965</run_address>
         <size>0xd4</size>
         <input_file_ref idref="fl-27"/>
      </object_component>
      <object_component id="oc-b0">
         <name>.debug_abbrev</name>
         <load_address>0x1a39</load_address>
         <run_address>0x1a39</run_address>
         <size>0x81</size>
         <input_file_ref idref="fl-28"/>
      </object_component>
      <object_component id="oc-d1">
         <name>.debug_abbrev</name>
         <load_address>0x1aba</load_address>
         <run_address>0x1aba</run_address>
         <size>0xd</size>
      </object_component>
   </object_component_list>
   <logical_group_list>
      <logical_group id="lg-cf">
         <name>.text</name>
         <load_address>0x20000</load_address>
         <run_address>0x20000</run_address>
         <size>0x386c</size>
         <contents>
            <object_component_ref idref="oc-48"/>
            <object_component_ref idref="oc-1f"/>
            <object_component_ref idref="oc-16"/>
            <object_component_ref idref="oc-84"/>
            <object_component_ref idref="oc-68"/>
            <object_component_ref idref="oc-a9"/>
            <object_component_ref idref="oc-80"/>
            <object_component_ref idref="oc-12"/>
            <object_component_ref idref="oc-99"/>
            <object_component_ref idref="oc-1b"/>
            <object_component_ref idref="oc-25"/>
            <object_component_ref idref="oc-74"/>
            <object_component_ref idref="oc-58"/>
            <object_component_ref idref="oc-ad"/>
            <object_component_ref idref="oc-95"/>
            <object_component_ref idref="oc-7c"/>
            <object_component_ref idref="oc-2f"/>
            <object_component_ref idref="oc-8c"/>
            <object_component_ref idref="oc-90"/>
            <object_component_ref idref="oc-52"/>
            <object_component_ref idref="oc-60"/>
            <object_component_ref idref="oc-4e"/>
            <object_component_ref idref="oc-78"/>
            <object_component_ref idref="oc-70"/>
            <object_component_ref idref="oc-37"/>
            <object_component_ref idref="oc-3b"/>
            <object_component_ref idref="oc-10"/>
            <object_component_ref idref="oc-88"/>
            <object_component_ref idref="oc-64"/>
            <object_component_ref idref="oc-5c"/>
            <object_component_ref idref="oc-6c"/>
            <object_component_ref idref="oc-a1"/>
            <object_component_ref idref="oc-a5"/>
            <object_component_ref idref="oc-42"/>
            <object_component_ref idref="oc-9d"/>
            <object_component_ref idref="oc-3f"/>
            <object_component_ref idref="oc-2b"/>
         </contents>
      </logical_group>
      <split_section id="lg-2">
         <name>.text</name>
         <contents>
            <logical_group_ref idref="lg-cf"/>
         </contents>
      </split_section>
      <logical_group id="lg-3">
         <name>.stack</name>
         <run_address>0xc0</run_address>
         <size>0x2000</size>
         <contents>
            <object_component_ref idref="oc-33"/>
            <object_component_ref idref="oc-cc"/>
         </contents>
      </logical_group>
      <logical_group id="lg-4">
         <name>.sysstack</name>
         <run_address>0x20c0</run_address>
         <size>0x1000</size>
         <contents>
            <object_component_ref idref="oc-b1"/>
            <object_component_ref idref="oc-cd"/>
         </contents>
      </logical_group>
      <logical_group id="lg-5">
         <name>.data</name>
         <run_address>0xc0</run_address>
         <size>0x0</size>
         <contents>
         </contents>
      </logical_group>
      <logical_group id="lg-6">
         <name>.bss</name>
         <run_address>0x30c0</run_address>
         <size>0x839c</size>
         <contents>
            <object_component_ref idref="oc-17"/>
            <object_component_ref idref="oc-20"/>
            <object_component_ref idref="oc-26"/>
            <object_component_ref idref="oc-3c"/>
            <object_component_ref idref="oc-43"/>
         </contents>
      </logical_group>
      <logical_group id="lg-7">
         <name>.const</name>
         <load_address>0xb45c</load_address>
         <run_address>0xb45c</run_address>
         <size>0x460</size>
         <contents>
            <object_component_ref idref="oc-b5"/>
            <object_component_ref idref="oc-1c"/>
            <object_component_ref idref="oc-4b"/>
            <object_component_ref idref="oc-b4"/>
            <object_component_ref idref="oc-b2"/>
            <object_component_ref idref="oc-b3"/>
            <object_component_ref idref="oc-4a"/>
            <object_component_ref idref="oc-b6"/>
            <object_component_ref idref="oc-1a"/>
            <object_component_ref idref="oc-92"/>
         </contents>
      </logical_group>
      <logical_group id="lg-8">
         <name>.sysmem</name>
         <run_address>0x0</run_address>
         <size>0x0</size>
         <contents>
         </contents>
      </logical_group>
      <logical_group id="lg-9">
         <name>.switch</name>
         <run_address>0x0</run_address>
         <size>0x0</size>
         <contents>
         </contents>
      </logical_group>
      <logical_group id="lg-a">
         <name>.cinit</name>
         <load_address>0x4e000</load_address>
         <run_address>0x4e000</run_address>
         <size>0x3f6</size>
         <contents>
            <object_component_ref idref="oc-19"/>
            <object_component_ref idref="oc-22"/>
            <object_component_ref idref="oc-45"/>
            <object_component_ref idref="oc-3e"/>
            <object_component_ref idref="oc-28"/>
         </contents>
      </logical_group>
      <logical_group id="lg-b">
         <name>.pinit</name>
         <run_address>0x0</run_address>
         <size>0x0</size>
         <contents>
         </contents>
      </logical_group>
      <logical_group id="lg-c">
         <name>.cio</name>
         <run_address>0x0</run_address>
         <size>0x0</size>
         <contents>
         </contents>
      </logical_group>
      <logical_group id="lg-d">
         <name>.args</name>
         <run_address>0x0</run_address>
         <size>0x0</size>
         <contents>
         </contents>
      </logical_group>
      <logical_group id="lg-e">
         <name>vectors</name>
         <load_address>0x48000</load_address>
         <run_address>0x48000</run_address>
         <size>0x100</size>
         <contents>
            <object_component_ref idref="oc-11"/>
         </contents>
      </logical_group>
      <logical_group id="lg-f">
         <name>.ioport</name>
         <run_address>0x0</run_address>
         <size>0x0</size>
         <contents>
         </contents>
      </logical_group>
      <logical_group id="lg-c5">
         <name>.debug_info</name>
         <load_address>0x0</load_address>
         <run_address>0x0</run_address>
         <size>0xf406</size>
         <contents>
            <object_component_ref idref="oc-13"/>
            <object_component_ref idref="oc-18"/>
            <object_component_ref idref="oc-21"/>
            <object_component_ref idref="oc-27"/>
            <object_component_ref idref="oc-2c"/>
            <object_component_ref idref="oc-30"/>
            <object_component_ref idref="oc-34"/>
            <object_component_ref idref="oc-38"/>
            <object_component_ref idref="oc-3d"/>
            <object_component_ref idref="oc-44"/>
            <object_component_ref idref="oc-49"/>
            <object_component_ref idref="oc-4f"/>
            <object_component_ref idref="oc-53"/>
            <object_component_ref idref="oc-56"/>
            <object_component_ref idref="oc-59"/>
            <object_component_ref idref="oc-5d"/>
            <object_component_ref idref="oc-61"/>
            <object_component_ref idref="oc-65"/>
            <object_component_ref idref="oc-69"/>
            <object_component_ref idref="oc-6d"/>
            <object_component_ref idref="oc-71"/>
            <object_component_ref idref="oc-75"/>
            <object_component_ref idref="oc-79"/>
            <object_component_ref idref="oc-7d"/>
            <object_component_ref idref="oc-81"/>
            <object_component_ref idref="oc-85"/>
            <object_component_ref idref="oc-89"/>
            <object_component_ref idref="oc-8d"/>
            <object_component_ref idref="oc-91"/>
            <object_component_ref idref="oc-96"/>
            <object_component_ref idref="oc-9a"/>
            <object_component_ref idref="oc-9e"/>
            <object_component_ref idref="oc-a2"/>
            <object_component_ref idref="oc-a6"/>
            <object_component_ref idref="oc-aa"/>
            <object_component_ref idref="oc-ae"/>
            <object_component_ref idref="oc-d0"/>
         </contents>
      </logical_group>
      <logical_group id="lg-c7">
         <name>.debug_line</name>
         <load_address>0x0</load_address>
         <run_address>0x0</run_address>
         <size>0xfb3</size>
         <contents>
            <object_component_ref idref="oc-14"/>
            <object_component_ref idref="oc-1d"/>
            <object_component_ref idref="oc-23"/>
            <object_component_ref idref="oc-29"/>
            <object_component_ref idref="oc-2d"/>
            <object_component_ref idref="oc-31"/>
            <object_component_ref idref="oc-35"/>
            <object_component_ref idref="oc-39"/>
            <object_component_ref idref="oc-40"/>
            <object_component_ref idref="oc-46"/>
            <object_component_ref idref="oc-4c"/>
            <object_component_ref idref="oc-50"/>
            <object_component_ref idref="oc-54"/>
            <object_component_ref idref="oc-5a"/>
            <object_component_ref idref="oc-5e"/>
            <object_component_ref idref="oc-62"/>
            <object_component_ref idref="oc-66"/>
            <object_component_ref idref="oc-6a"/>
            <object_component_ref idref="oc-6e"/>
            <object_component_ref idref="oc-72"/>
            <object_component_ref idref="oc-76"/>
            <object_component_ref idref="oc-7a"/>
            <object_component_ref idref="oc-7e"/>
            <object_component_ref idref="oc-82"/>
            <object_component_ref idref="oc-86"/>
            <object_component_ref idref="oc-8a"/>
            <object_component_ref idref="oc-8e"/>
            <object_component_ref idref="oc-93"/>
            <object_component_ref idref="oc-97"/>
            <object_component_ref idref="oc-9b"/>
            <object_component_ref idref="oc-9f"/>
            <object_component_ref idref="oc-a3"/>
            <object_component_ref idref="oc-a7"/>
            <object_component_ref idref="oc-ab"/>
            <object_component_ref idref="oc-af"/>
         </contents>
      </logical_group>
      <logical_group id="lg-c9">
         <name>.debug_abbrev</name>
         <load_address>0x0</load_address>
         <run_address>0x0</run_address>
         <size>0x1ac7</size>
         <contents>
            <object_component_ref idref="oc-15"/>
            <object_component_ref idref="oc-1e"/>
            <object_component_ref idref="oc-24"/>
            <object_component_ref idref="oc-2a"/>
            <object_component_ref idref="oc-2e"/>
            <object_component_ref idref="oc-32"/>
            <object_component_ref idref="oc-36"/>
            <object_component_ref idref="oc-3a"/>
            <object_component_ref idref="oc-41"/>
            <object_component_ref idref="oc-47"/>
            <object_component_ref idref="oc-4d"/>
            <object_component_ref idref="oc-51"/>
            <object_component_ref idref="oc-55"/>
            <object_component_ref idref="oc-57"/>
            <object_component_ref idref="oc-5b"/>
            <object_component_ref idref="oc-5f"/>
            <object_component_ref idref="oc-63"/>
            <object_component_ref idref="oc-67"/>
            <object_component_ref idref="oc-6b"/>
            <object_component_ref idref="oc-6f"/>
            <object_component_ref idref="oc-73"/>
            <object_component_ref idref="oc-77"/>
            <object_component_ref idref="oc-7b"/>
            <object_component_ref idref="oc-7f"/>
            <object_component_ref idref="oc-83"/>
            <object_component_ref idref="oc-87"/>
            <object_component_ref idref="oc-8b"/>
            <object_component_ref idref="oc-8f"/>
            <object_component_ref idref="oc-94"/>
            <object_component_ref idref="oc-98"/>
            <object_component_ref idref="oc-9c"/>
            <object_component_ref idref="oc-a0"/>
            <object_component_ref idref="oc-a4"/>
            <object_component_ref idref="oc-a8"/>
            <object_component_ref idref="oc-ac"/>
            <object_component_ref idref="oc-b0"/>
            <object_component_ref idref="oc-d1"/>
         </contents>
      </logical_group>
   </logical_group_list>
   <placement_map>
      <memory_area>
         <name>MMR</name>
         <page_id>0x0</page_id>
         <origin>0x0</origin>
         <length>0xc0</length>
         <used_space>0x0</used_space>
         <unused_space>0xc0</unused_space>
         <attributes>RWIX</attributes>
         <usage_details>
         </usage_details>
      </memory_area>
      <memory_area>
         <name>DARAM0</name>
         <page_id>0x0</page_id>
         <origin>0xc0</origin>
         <length>0xff40</length>
         <used_space>0xb7fc</used_space>
         <unused_space>0x4744</unused_space>
         <attributes>RWIX</attributes>
         <usage_details>
            <allocated_space>
               <start_address>0xc0</start_address>
               <size>0x0</size>
               <logical_group_ref idref="lg-5"/>
            </allocated_space>
            <allocated_space>
               <start_address>0xc0</start_address>
               <size>0x2000</size>
               <logical_group_ref idref="lg-3"/>
            </allocated_space>
            <allocated_space>
               <start_address>0x20c0</start_address>
               <size>0x1000</size>
               <logical_group_ref idref="lg-4"/>
            </allocated_space>
            <allocated_space>
               <start_address>0x30c0</start_address>
               <size>0x839c</size>
               <logical_group_ref idref="lg-6"/>
            </allocated_space>
            <allocated_space>
               <start_address>0xb45c</start_address>
               <size>0x460</size>
               <logical_group_ref idref="lg-7"/>
            </allocated_space>
            <available_space>
               <start_address>0xb8bc</start_address>
               <size>0x4744</size>
            </available_space>
         </usage_details>
      </memory_area>
      <memory_area>
         <name>SARAM0</name>
         <page_id>0x0</page_id>
         <origin>0x10000</origin>
         <length>0x10000</length>
         <used_space>0x0</used_space>
         <unused_space>0x10000</unused_space>
         <attributes>RWIX</attributes>
         <usage_details>
         </usage_details>
      </memory_area>
      <memory_area>
         <name>SARAM1</name>
         <page_id>0x0</page_id>
         <origin>0x20000</origin>
         <length>0x20000</length>
         <used_space>0x386c</used_space>
         <unused_space>0x1c794</unused_space>
         <attributes>RWIX</attributes>
         <usage_details>
            <allocated_space>
               <start_address>0x20000</start_address>
               <size>0x386c</size>
               <logical_group_ref idref="lg-cf"/>
            </allocated_space>
            <available_space>
               <start_address>0x2386c</start_address>
               <size>0x1c794</size>
            </available_space>
         </usage_details>
      </memory_area>
      <memory_area>
         <name>SARAM_24</name>
         <page_id>0x0</page_id>
         <origin>0x40000</origin>
         <length>0x2000</length>
         <used_space>0x0</used_space>
         <unused_space>0x2000</unused_space>
         <attributes>RWIX</attributes>
         <usage_details>
         </usage_details>
      </memory_area>
      <memory_area>
         <name>SARAM_25</name>
         <page_id>0x0</page_id>
         <origin>0x42000</origin>
         <length>0x2000</length>
         <used_space>0x0</used_space>
         <unused_space>0x2000</unused_space>
         <attributes>RWIX</attributes>
         <usage_details>
         </usage_details>
      </memory_area>
      <memory_area>
         <name>SARAM_26</name>
         <page_id>0x0</page_id>
         <origin>0x44000</origin>
         <length>0x2000</length>
         <used_space>0x0</used_space>
         <unused_space>0x2000</unused_space>
         <attributes>RWIX</attributes>
         <usage_details>
         </usage_details>
      </memory_area>
      <memory_area>
         <name>SARAM_27</name>
         <page_id>0x0</page_id>
         <origin>0x46000</origin>
         <length>0x2000</length>
         <used_space>0x0</used_space>
         <unused_space>0x2000</unused_space>
         <attributes>RWIX</attributes>
         <usage_details>
         </usage_details>
      </memory_area>
      <memory_area>
         <name>SARAM_28</name>
         <page_id>0x0</page_id>
         <origin>0x48000</origin>
         <length>0x2000</length>
         <used_space>0x100</used_space>
         <unused_space>0x1f00</unused_space>
         <attributes>RWIX</attributes>
         <usage_details>
            <allocated_space>
               <start_address>0x48000</start_address>
               <size>0x100</size>
               <logical_group_ref idref="lg-e"/>
            </allocated_space>
            <available_space>
               <start_address>0x48100</start_address>
               <size>0x1f00</size>
            </available_space>
         </usage_details>
      </memory_area>
      <memory_area>
         <name>SARAM_29</name>
         <page_id>0x0</page_id>
         <origin>0x4a000</origin>
         <length>0x2000</length>
         <used_space>0x0</used_space>
         <unused_space>0x2000</unused_space>
         <attributes>RWIX</attributes>
         <usage_details>
         </usage_details>
      </memory_area>
      <memory_area>
         <name>SARAM_30</name>
         <page_id>0x0</page_id>
         <origin>0x4c000</origin>
         <length>0x1e00</length>
         <used_space>0x0</used_space>
         <unused_space>0x1e00</unused_space>
         <attributes>RWIX</attributes>
         <usage_details>
         </usage_details>
      </memory_area>
      <memory_area>
         <name>VECS</name>
         <page_id>0x0</page_id>
         <origin>0x4de00</origin>
         <length>0x200</length>
         <used_space>0x0</used_space>
         <unused_space>0x200</unused_space>
         <attributes>RWIX</attributes>
         <usage_details>
         </usage_details>
      </memory_area>
      <memory_area>
         <name>SARAM_31</name>
         <page_id>0x0</page_id>
         <origin>0x4e000</origin>
         <length>0x2000</length>
         <used_space>0x3f6</used_space>
         <unused_space>0x1c0a</unused_space>
         <attributes>RWIX</attributes>
         <usage_details>
            <allocated_space>
               <start_address>0x4e000</start_address>
               <size>0x3f6</size>
               <logical_group_ref idref="lg-a"/>
            </allocated_space>
            <available_space>
               <start_address>0x4e3f6</start_address>
               <size>0x1c0a</size>
            </available_space>
         </usage_details>
      </memory_area>
      <memory_area>
         <name>PDROM</name>
         <page_id>0x0</page_id>
         <origin>0xff8000</origin>
         <length>0x8000</length>
         <used_space>0x0</used_space>
         <unused_space>0x8000</unused_space>
         <attributes>RIX</attributes>
         <usage_details>
         </usage_details>
      </memory_area>
      <memory_area>
         <name>IOPORT</name>
         <page_id>0x2</page_id>
         <origin>0x0</origin>
         <length>0x20000</length>
         <used_space>0x0</used_space>
         <unused_space>0x20000</unused_space>
         <attributes>RWI</attributes>
         <usage_details>
         </usage_details>
      </memory_area>
   </placement_map>
   <symbol_table>
      <symbol id="sm-0">
         <name>$TI_capability$C5500$CallingConvention</name>
         <value>0x2</value>
      </symbol>
      <symbol id="sm-1">
         <name>$TI_capability$C5500$MemoryModel</name>
         <value>0x2</value>
      </symbol>
      <symbol id="sm-2">
         <name>$TI_capability_requires_rev3</name>
         <value>0x1</value>
      </symbol>
      <symbol id="sm-3">
         <name>cinit</name>
         <value>0x4e000</value>
      </symbol>
      <symbol id="sm-4">
         <name>___cinit__</name>
         <value>0x4e000</value>
      </symbol>
      <symbol id="sm-5">
         <name>pinit</name>
         <value>0xffffffff</value>
      </symbol>
      <symbol id="sm-6">
         <name>___pinit__</name>
         <value>0xffffffff</value>
      </symbol>
      <symbol id="sm-7">
         <name>binit</name>
         <value>0xffffffff</value>
      </symbol>
      <symbol id="sm-8">
         <name>___binit__</name>
         <value>0xffffffff</value>
      </symbol>
      <symbol id="sm-9">
         <name>__STACK_SIZE</name>
         <value>0x2000</value>
      </symbol>
      <symbol id="sm-a">
         <name>__STACK_END</name>
         <value>0x20c0</value>
      </symbol>
      <symbol id="sm-b">
         <name>___c_args__</name>
         <value>0xffffffff</value>
      </symbol>
      <symbol id="sm-c">
         <name>__SYSSTACK_SIZE</name>
         <value>0x1000</value>
      </symbol>
      <symbol id="sm-d">
         <name>.text</name>
         <value>0xffffffff</value>
      </symbol>
      <symbol id="sm-e">
         <name>___text__</name>
         <value>0xffffffff</value>
      </symbol>
      <symbol id="sm-f">
         <name>etext</name>
         <value>0xffffffff</value>
      </symbol>
      <symbol id="sm-10">
         <name>___etext__</name>
         <value>0xffffffff</value>
      </symbol>
      <symbol id="sm-11">
         <name>.data</name>
         <value>0xc0</value>
      </symbol>
      <symbol id="sm-12">
         <name>___data__</name>
         <value>0xc0</value>
      </symbol>
      <symbol id="sm-13">
         <name>edata</name>
         <value>0xc0</value>
      </symbol>
      <symbol id="sm-14">
         <name>___edata__</name>
         <value>0xc0</value>
      </symbol>
      <symbol id="sm-15">
         <name>.bss</name>
         <value>0x30c0</value>
      </symbol>
      <symbol id="sm-16">
         <name>___bss__</name>
         <value>0x30c0</value>
      </symbol>
      <symbol id="sm-17">
         <name>end</name>
         <value>0xb45c</value>
      </symbol>
      <symbol id="sm-18">
         <name>___end__</name>
         <value>0xb45c</value>
      </symbol>
      <symbol id="sm-44">
         <name>_AIC3204_rset</name>
         <value>0x22c50</value>
         <object_component_ref idref="oc-12"/>
      </symbol>
      <symbol id="sm-45">
         <name>_AIC3204_rget</name>
         <value>0x22c6a</value>
         <object_component_ref idref="oc-12"/>
      </symbol>
      <symbol id="sm-46">
         <name>_AIC3204_init</name>
         <value>0x22ca7</value>
         <object_component_ref idref="oc-12"/>
      </symbol>
      <symbol id="sm-60">
         <name>_main</name>
         <value>0x21fab</value>
         <object_component_ref idref="oc-16"/>
      </symbol>
      <symbol id="sm-61">
         <name>_tiempo_muestreo</name>
         <value>0xb8b4</value>
         <object_component_ref idref="oc-1a"/>
      </symbol>
      <symbol id="sm-62">
         <name>_lee_switches</name>
         <value>0x21eef</value>
         <object_component_ref idref="oc-16"/>
      </symbol>
      <symbol id="sm-63">
         <name>_configuracion</name>
         <value>0x21d49</value>
         <object_component_ref idref="oc-16"/>
      </symbol>
      <symbol id="sm-64">
         <name>_estado_efectos</name>
         <value>0x32c6</value>
         <object_component_ref idref="oc-17"/>
      </symbol>
      <symbol id="sm-65">
         <name>_retardo</name>
         <value>0x32c0</value>
         <object_component_ref idref="oc-17"/>
      </symbol>
      <symbol id="sm-66">
         <name>_mic_on</name>
         <value>0x32c2</value>
         <object_component_ref idref="oc-17"/>
      </symbol>
      <symbol id="sm-67">
         <name>_sin_tbl</name>
         <value>0x30c0</value>
         <object_component_ref idref="oc-17"/>
      </symbol>
      <symbol id="sm-68">
         <name>_estadoleds</name>
         <value>0x2207b</value>
         <object_component_ref idref="oc-16"/>
      </symbol>
      <symbol id="sm-69">
         <name>_ledsminicadena</name>
         <value>0x220e5</value>
         <object_component_ref idref="oc-16"/>
      </symbol>
      <symbol id="sm-6a">
         <name>_activar_microfono</name>
         <value>0x21dd5</value>
         <object_component_ref idref="oc-16"/>
      </symbol>
      <symbol id="sm-6b">
         <name>_ISR_I2S_rx</name>
         <value>0x22f81</value>
         <object_component_ref idref="oc-1b"/>
      </symbol>
      <symbol id="sm-6c">
         <name>_estado_menu</name>
         <value>0x32c4</value>
         <object_component_ref idref="oc-17"/>
      </symbol>
      <symbol id="sm-6d">
         <name>_efecto_reverb</name>
         <value>0x221a4</value>
         <object_component_ref idref="oc-16"/>
      </symbol>
      <symbol id="sm-6e">
         <name>_evaluar_estados</name>
         <value>0x21e1b</value>
         <object_component_ref idref="oc-16"/>
      </symbol>
      <symbol id="sm-7c">
         <name>_printCharacter</name>
         <value>0x215be</value>
         <object_component_ref idref="oc-1f"/>
      </symbol>
      <symbol id="sm-7d">
         <name>_OSD9616_multiSend</name>
         <value>0x2189b</value>
         <object_component_ref idref="oc-1f"/>
      </symbol>
      <symbol id="sm-7e">
         <name>_character_set</name>
         <value>0xb2ce</value>
         <object_component_ref idref="oc-20"/>
      </symbol>
      <symbol id="sm-7f">
         <name>_oled_init</name>
         <value>0x216aa</value>
         <object_component_ref idref="oc-1f"/>
      </symbol>
      <symbol id="sm-80">
         <name>_number_set</name>
         <value>0xb39e</value>
         <object_component_ref idref="oc-20"/>
      </symbol>
      <symbol id="sm-81">
         <name>_oled_display_picture</name>
         <value>0x21987</value>
         <object_component_ref idref="oc-1f"/>
      </symbol>
      <symbol id="sm-82">
         <name>_oled_display_bargraph</name>
         <value>0x21c6a</value>
         <object_component_ref idref="oc-1f"/>
      </symbol>
      <symbol id="sm-83">
         <name>_OSD9616_send</name>
         <value>0x215a4</value>
         <object_component_ref idref="oc-1f"/>
      </symbol>
      <symbol id="sm-84">
         <name>_oled_display_message</name>
         <value>0x21a43</value>
         <object_component_ref idref="oc-1f"/>
      </symbol>
      <symbol id="sm-85">
         <name>_oled_display_waveform</name>
         <value>0x218be</value>
         <object_component_ref idref="oc-1f"/>
      </symbol>
      <symbol id="sm-86">
         <name>_printMessage</name>
         <value>0x215f6</value>
         <object_component_ref idref="oc-1f"/>
      </symbol>
      <symbol id="sm-96">
         <name>_USBSTK5515_I2C_close</name>
         <value>0x230bc</value>
         <object_component_ref idref="oc-25"/>
      </symbol>
      <symbol id="sm-97">
         <name>_USBSTK5515_I2C_read</name>
         <value>0x2313e</value>
         <object_component_ref idref="oc-25"/>
      </symbol>
      <symbol id="sm-98">
         <name>_USBSTK5515_I2C_write</name>
         <value>0x230f2</value>
         <object_component_ref idref="oc-25"/>
      </symbol>
      <symbol id="sm-99">
         <name>_USBSTK5515_I2C_reset</name>
         <value>0x230e4</value>
         <object_component_ref idref="oc-25"/>
      </symbol>
      <symbol id="sm-9a">
         <name>_i2c_timeout</name>
         <value>0xb458</value>
         <object_component_ref idref="oc-26"/>
      </symbol>
      <symbol id="sm-9b">
         <name>_USBSTK5515_I2C_init</name>
         <value>0x230c5</value>
         <object_component_ref idref="oc-25"/>
      </symbol>
      <symbol id="sm-a5">
         <name>_Reset</name>
         <value>0x48000</value>
         <object_component_ref idref="oc-11"/>
      </symbol>
      <symbol id="sm-af">
         <name>_sprintf</name>
         <value>0x2340a</value>
         <object_component_ref idref="oc-2f"/>
      </symbol>
      <symbol id="sm-bb">
         <name>__sysstack</name>
         <value>0x20c0</value>
         <object_component_ref idref="oc-b1"/>
      </symbol>
      <symbol id="sm-bc">
         <name>_c_int00</name>
         <value>0x23754</value>
         <object_component_ref idref="oc-10"/>
      </symbol>
      <symbol id="sm-bd">
         <name>__stack</name>
         <value>0xc0</value>
         <object_component_ref idref="oc-33"/>
      </symbol>
      <symbol id="sm-c5">
         <name>_memcpy</name>
         <value>0x236d7</value>
         <object_component_ref idref="oc-37"/>
      </symbol>
      <symbol id="sm-d5">
         <name>C$$EXIT</name>
         <value>0x23863</value>
         <object_component_ref idref="oc-3f"/>
      </symbol>
      <symbol id="sm-d6">
         <name>_exit</name>
         <value>0x23716</value>
         <object_component_ref idref="oc-3b"/>
      </symbol>
      <symbol id="sm-d7">
         <name>_abort</name>
         <value>0x23862</value>
         <object_component_ref idref="oc-3f"/>
      </symbol>
      <symbol id="sm-d8">
         <name>__cleanup_ptr</name>
         <value>0xb450</value>
         <object_component_ref idref="oc-3c"/>
      </symbol>
      <symbol id="sm-d9">
         <name>__dtors_ptr</name>
         <value>0xb454</value>
         <object_component_ref idref="oc-3c"/>
      </symbol>
      <symbol id="sm-e7">
         <name>__unlock</name>
         <value>0xb44c</value>
         <object_component_ref idref="oc-43"/>
      </symbol>
      <symbol id="sm-e8">
         <name>__lock</name>
         <value>0xb448</value>
         <object_component_ref idref="oc-43"/>
      </symbol>
      <symbol id="sm-e9">
         <name>__register_lock</name>
         <value>0x23848</value>
         <object_component_ref idref="oc-42"/>
      </symbol>
      <symbol id="sm-ea">
         <name>__nop</name>
         <value>0x23850</value>
         <object_component_ref idref="oc-42"/>
      </symbol>
      <symbol id="sm-eb">
         <name>__register_unlock</name>
         <value>0x23840</value>
         <object_component_ref idref="oc-42"/>
      </symbol>
      <symbol id="sm-fd">
         <name>__printfi</name>
         <value>0x21362</value>
         <object_component_ref idref="oc-48"/>
      </symbol>
      <symbol id="sm-107">
         <name>__args_main</name>
         <value>0x235f9</value>
         <object_component_ref idref="oc-4e"/>
      </symbol>
      <symbol id="sm-108">
         <name>__TI_args_main</name>
         <value>0x1</value>
      </symbol>
      <symbol id="sm-112">
         <name>_atoi</name>
         <value>0x23550</value>
         <object_component_ref idref="oc-52"/>
      </symbol>
      <symbol id="sm-11a">
         <name>__ctypes_</name>
         <value>0xb45c</value>
         <object_component_ref idref="oc-b5"/>
      </symbol>
      <symbol id="sm-124">
         <name>_ltoa</name>
         <value>0x23232</value>
         <object_component_ref idref="oc-58"/>
      </symbol>
      <symbol id="sm-12f">
         <name>_memccpy</name>
         <value>0x237dc</value>
         <object_component_ref idref="oc-5c"/>
      </symbol>
      <symbol id="sm-137">
         <name>_auto_init</name>
         <value>0x235ac</value>
         <object_component_ref idref="oc-60"/>
      </symbol>
      <symbol id="sm-13f">
         <name>__remu</name>
         <value>0x237c7</value>
         <object_component_ref idref="oc-64"/>
      </symbol>
      <symbol id="sm-140">
         <name>__divu</name>
         <value>0x237b2</value>
         <object_component_ref idref="oc-64"/>
      </symbol>
      <symbol id="sm-141">
         <name>I$$UMOD</name>
         <value>0x237c7</value>
         <object_component_ref idref="oc-64"/>
      </symbol>
      <symbol id="sm-142">
         <name>I$$UDIV</name>
         <value>0x237b2</value>
         <object_component_ref idref="oc-64"/>
      </symbol>
      <symbol id="sm-14c">
         <name>__divull</name>
         <value>0x226e4</value>
         <object_component_ref idref="oc-68"/>
      </symbol>
      <symbol id="sm-14d">
         <name>__mpylli</name>
         <value>0x2262c</value>
         <object_component_ref idref="oc-68"/>
      </symbol>
      <symbol id="sm-14e">
         <name>__remlli</name>
         <value>0x225fd</value>
         <object_component_ref idref="oc-68"/>
      </symbol>
      <symbol id="sm-14f">
         <name>__divlli</name>
         <value>0x227d8</value>
         <object_component_ref idref="oc-68"/>
      </symbol>
      <symbol id="sm-150">
         <name>__remull</name>
         <value>0x225af</value>
         <object_component_ref idref="oc-68"/>
      </symbol>
      <symbol id="sm-15a">
         <name>___isinf</name>
         <value>0x237ff</value>
         <object_component_ref idref="oc-6c"/>
      </symbol>
      <symbol id="sm-164">
         <name>__divli</name>
         <value>0x2368f</value>
         <object_component_ref idref="oc-70"/>
      </symbol>
      <symbol id="sm-16f">
         <name>__divul</name>
         <value>0x23191</value>
         <object_component_ref idref="oc-74"/>
      </symbol>
      <symbol id="sm-179">
         <name>__remli</name>
         <value>0x23644</value>
         <object_component_ref idref="oc-78"/>
      </symbol>
      <symbol id="sm-184">
         <name>__remul</name>
         <value>0x23398</value>
         <object_component_ref idref="oc-7c"/>
      </symbol>
      <symbol id="sm-18e">
         <name>__eqld</name>
         <value>0x22bc4</value>
         <object_component_ref idref="oc-80"/>
      </symbol>
      <symbol id="sm-18f">
         <name>__cmpd</name>
         <value>0x22bf8</value>
         <object_component_ref idref="oc-80"/>
      </symbol>
      <symbol id="sm-190">
         <name>__neqd</name>
         <value>0x22a66</value>
         <object_component_ref idref="oc-80"/>
      </symbol>
      <symbol id="sm-191">
         <name>__gtrd</name>
         <value>0x22b2f</value>
         <object_component_ref idref="oc-80"/>
      </symbol>
      <symbol id="sm-192">
         <name>__geqd</name>
         <value>0x22b7a</value>
         <object_component_ref idref="oc-80"/>
      </symbol>
      <symbol id="sm-193">
         <name>__leqd</name>
         <value>0x22ae2</value>
         <object_component_ref idref="oc-80"/>
      </symbol>
      <symbol id="sm-194">
         <name>__lssd</name>
         <value>0x22a9a</value>
         <object_component_ref idref="oc-80"/>
      </symbol>
      <symbol id="sm-1a0">
         <name>__divd</name>
         <value>0x221e3</value>
         <object_component_ref idref="oc-84"/>
      </symbol>
      <symbol id="sm-1aa">
         <name>__fixdi</name>
         <value>0x23788</value>
         <object_component_ref idref="oc-88"/>
      </symbol>
      <symbol id="sm-1b4">
         <name>__fixdli</name>
         <value>0x2347a</value>
         <object_component_ref idref="oc-8c"/>
      </symbol>
      <symbol id="sm-1c0">
         <name>__fltlid</name>
         <value>0x234e9</value>
         <object_component_ref idref="oc-90"/>
      </symbol>
      <symbol id="sm-1ca">
         <name>__frcmpyd_div</name>
         <value>0x23325</value>
         <object_component_ref idref="oc-95"/>
      </symbol>
      <symbol id="sm-1d4">
         <name>__mpyd</name>
         <value>0x22e35</value>
         <object_component_ref idref="oc-99"/>
      </symbol>
      <symbol id="sm-1de">
         <name>__negd</name>
         <value>0x23852</value>
         <object_component_ref idref="oc-9d"/>
      </symbol>
      <symbol id="sm-1e8">
         <name>__subd</name>
         <value>0x23819</value>
         <object_component_ref idref="oc-a1"/>
      </symbol>
      <symbol id="sm-1f0">
         <name>__mpyli</name>
         <value>0x2382d</value>
         <object_component_ref idref="oc-a5"/>
      </symbol>
      <symbol id="sm-1f1">
         <name>I$$LMPY</name>
         <value>0x2382d</value>
         <object_component_ref idref="oc-a5"/>
      </symbol>
      <symbol id="sm-1fb">
         <name>__addd</name>
         <value>0x2280d</value>
         <object_component_ref idref="oc-a9"/>
      </symbol>
      <symbol id="sm-205">
         <name>__frcmpyd</name>
         <value>0x232af</value>
         <object_component_ref idref="oc-ad"/>
      </symbol>
   </symbol_table>
</link_info>
